{"Success":true,"ResponseAddresses":[{"AddressReferenceId":"141414","StreetAddress":["1330 VALLEY LAKE DR","APT 107"],"City":"SCHAUMBURG","StateOrProvinceCode":"IL","PostalCode":"60195-3624","CountryCode":"US","CountryName":null}],"ErrorMessage":null}
{"Success":true,"ResponseAddresses":[{"AddressReferenceId":"141414","StreetAddress":["1330 VALLEY LAKE DR"],"City":"SCHAUMBURG","StateOrProvinceCode":"IL","PostalCode":"60195-3639","CountryCode":"US","CountryName":null}],"ErrorMessage":null}
{"Success":true,"ResponseAddresses":[{"AddressReferenceId":"141414","StreetAddress":["1330 VALLEY LAKE DR","APT 107"],"City":"SCHAUMBURG","StateOrProvinceCode":"IL","PostalCode":"60195-3624","CountryCode":"US","CountryName":null}],"ErrorMessage":null}
{"Success":true,"ResponseAddresses":[{"AddressReferenceId":"141414","StreetAddress":["1330 VALLEY LAKE DR","APT 107"],"City":"SCHAUMBURG","StateOrProvinceCode":"IL","PostalCode":"60195-3624","CountryCode":"US","CountryName":null}],"ErrorMessage":null}
{"Success":true,"ResponseAddresses":[{"AddressReferenceId":"141414","StreetAddress":["1330 VALLEY LAKE DR","APT 107"],"City":"SCHAUMBURG","StateOrProvinceCode":"IL","PostalCode":"60195-3624","CountryCode":"US","CountryName":null}],"ErrorMessage":null}
{"Success":true,"ResponseAddresses":[{"AddressReferenceId":"141414","StreetAddress":["1330 VALLEY LAKE DR","APT 107"],"City":"SCHAUMBURG","StateOrProvinceCode":"IL","PostalCode":"60195-3624","CountryCode":"US","CountryName":null}],"ErrorMessage":null}
{"Success":true,"ResponseAddresses":[{"AddressReferenceId":"141414","StreetAddress":["XXXX VALLEY LAKE DR","APT 107"],"City":"SCHAUMBURG","StateOrProvinceCode":"IL","PostalCode":"60195","CountryCode":"US","CountryName":null}],"ErrorMessage":null}
{"Success":true,"ResponseAddresses":[{"AddressReferenceId":"141414","StreetAddress":["1330 VALLEY LAKE DR","APT 107"],"City":"MUMBAI","StateOrProvinceCode":"ON","PostalCode":"L6A3H9","CountryCode":"US","CountryName":null}],"ErrorMessage":null}
{"Success":true,"ResponseAddresses":[{"AddressReferenceId":"141414","StreetAddress":["1330 VALLEY LAKE DR","APT 107"],"City":"SCHAUMBURG","StateOrProvinceCode":"ON","PostalCode":"L6A3H9","CountryCode":"US","CountryName":null}],"ErrorMessage":null}
{"Success":true,"ResponseAddresses":[{"AddressReferenceId":"141414","StreetAddress":["1330 NORWALK DR","APT 107"],"City":"SCHAUMBURG","StateOrProvinceCode":"IL","PostalCode":"60195","CountryCode":"US","CountryName":null}],"ErrorMessage":null}